// Jest Snapshot v1, https://goo.gl/fbAQLP

exports[`snapshot test login 1`] = `
Object {
  "asFragment": [Function],
  "baseElement": <body>
    <div>
      <div>
        <div
          style="direction: ltr;"
        >
          <div
            class=""
            style="width: 0%; transition: width 800ms linear 0s; will-change: width, opacity; height: 3px; background-color: red; position: absolute; opacity: 0;"
          />
          <div
            style="display: table; clear: both;"
          />
        </div>
        <div
          class="center"
        >
          <img
            alt="login"
            src="https://encrypted-tbn0.gstatic.com/images?q=tbn:ANd9GcT3Mclb0NdAfReSwkqWDtxIh2Oc4vEyPMYzeg&usqp=CAU"
          />
          <br />
          <h3>
            Please login as a user to continue
          </h3>
          <br />
          <select
            data-testid="select"
          >
            <option
              value="None"
            />
            <option
              value="sarahedo"
            >
              sarahedo
            </option>
            <option
              value="tylermcginnis"
            >
              tylermcginnis
            </option>
            <option
              value="mtsamis"
            >
              mtsamis
            </option>
            <option
              value="zoshikanlu"
            >
              zoshikanlu
            </option>
          </select>
          <br />
          <br />
          <button
            data-testid="login"
            disabled=""
          >
            Login
          </button>
        </div>
      </div>
    </div>
  </body>,
  "container": <div>
    <div>
      <div
        style="direction: ltr;"
      >
        <div
          class=""
          style="width: 0%; transition: width 800ms linear 0s; will-change: width, opacity; height: 3px; background-color: red; position: absolute; opacity: 0;"
        />
        <div
          style="display: table; clear: both;"
        />
      </div>
      <div
        class="center"
      >
        <img
          alt="login"
          src="https://encrypted-tbn0.gstatic.com/images?q=tbn:ANd9GcT3Mclb0NdAfReSwkqWDtxIh2Oc4vEyPMYzeg&usqp=CAU"
        />
        <br />
        <h3>
          Please login as a user to continue
        </h3>
        <br />
        <select
          data-testid="select"
        >
          <option
            value="None"
          />
          <option
            value="sarahedo"
          >
            sarahedo
          </option>
          <option
            value="tylermcginnis"
          >
            tylermcginnis
          </option>
          <option
            value="mtsamis"
          >
            mtsamis
          </option>
          <option
            value="zoshikanlu"
          >
            zoshikanlu
          </option>
        </select>
        <br />
        <br />
        <button
          data-testid="login"
          disabled=""
        >
          Login
        </button>
      </div>
    </div>
  </div>,
  "debug": [Function],
  "findAllByAltText": [Function],
  "findAllByDisplayValue": [Function],
  "findAllByLabelText": [Function],
  "findAllByPlaceholderText": [Function],
  "findAllByRole": [Function],
  "findAllByTestId": [Function],
  "findAllByText": [Function],
  "findAllByTitle": [Function],
  "findByAltText": [Function],
  "findByDisplayValue": [Function],
  "findByLabelText": [Function],
  "findByPlaceholderText": [Function],
  "findByRole": [Function],
  "findByTestId": [Function],
  "findByText": [Function],
  "findByTitle": [Function],
  "getAllByAltText": [Function],
  "getAllByDisplayValue": [Function],
  "getAllByLabelText": [Function],
  "getAllByPlaceholderText": [Function],
  "getAllByRole": [Function],
  "getAllByTestId": [Function],
  "getAllByText": [Function],
  "getAllByTitle": [Function],
  "getByAltText": [Function],
  "getByDisplayValue": [Function],
  "getByLabelText": [Function],
  "getByPlaceholderText": [Function],
  "getByRole": [Function],
  "getByTestId": [Function],
  "getByText": [Function],
  "getByTitle": [Function],
  "queryAllByAltText": [Function],
  "queryAllByDisplayValue": [Function],
  "queryAllByLabelText": [Function],
  "queryAllByPlaceholderText": [Function],
  "queryAllByRole": [Function],
  "queryAllByTestId": [Function],
  "queryAllByText": [Function],
  "queryAllByTitle": [Function],
  "queryByAltText": [Function],
  "queryByDisplayValue": [Function],
  "queryByLabelText": [Function],
  "queryByPlaceholderText": [Function],
  "queryByRole": [Function],
  "queryByTestId": [Function],
  "queryByText": [Function],
  "queryByTitle": [Function],
  "rerender": [Function],
  "unmount": [Function],
}
`;
